
> pretest
> npm run lint


> lint
> eslint .


> test
> vitest


[1m[44m DEV [49m[22m [34mv4.0.16 [39m[90mC:/Users/jackb/Documents/GitHub/polychron[39m

 [32mΓ£ô[39m test/time.test.js [2m([22m[2m89 tests[22m[2m)[22m[32m 77[2mms[22m[39m
npm : [90mstderr[2m | test/backstage.test.js[2m > [22m[2mEdge cases and boundary 
conditions[2m > [22m[2mnormalizeWeights edge cases[2m > [22m[2mshould handle 
negative weights
At line:1 char:1
+ npm test 2>&1 | Out-File test_output.txt
+ ~~~~~~~~~~~~~
    + CategoryInfo          : NotSpecified: ([90mstderr[2m...egative weights:String 
   ) [], RemoteException
    + FullyQualifiedErrorId : NativeCommandError
 
[22m[39mnormalizeWeights: negative weights detected, using absolute values

 [32mΓ£ô[39m test/backstage.test.js [2m([22m[2m154 tests[22m[2m)[22m[33m 633[2mms[22m[39m
[90mstdout[2m | test/rhythm.test.js[2m > [22m[2mpatternLength[2m > [22m[2mshould return pattern unchanged when length matches
[22m[39mTEST: pattern unchanged

[90mstdout[2m | test/rhythm.test.js[2m > [22m[2mpatternLength[2m > [22m[2mshould extend pattern when length is longer
[22m[39mTEST: extend pattern

[90mstdout[2m | test/rhythm.test.js[2m > [22m[2mpatternLength[2m > [22m[2mshould truncate pattern when length is shorter
[22m[39mTEST: truncate pattern

 [32mΓ£ô[39m test/composers.test.js [2m([22m[2m75 tests[22m[2m)[22m[32m 151[2mms[22m[39m
[90mstdout[2m | test/play.test.js
[22m[39moutput/output1.csv created (primary layer).
output/output2.csv created (poly layer).

[90mstderr[2m | test/play.test.js[2m > [22m[2mplay.js - Orchestrator Module[2m 
> [22m[2mTiming Functions Integration[2m > [22m[2mshould support unit timing 
setup
[22m[39mUnknown unit type: undefined

[90mstderr[2m | test/play.test.js[2m > [22m[2mplay.js - Orchestrator Module[2m 
> [22m[2mState Consistency[2m > [22m[2mshould maintain consistent timing 
hierarchy
[22m[39mUnknown unit type: undefined

[90mstderr[2m | test/play.test.js[2m > [22m[2mplay.js - Orchestrator Module[2m 
> [22m[2mFull Composition Cycle[2m > [22m[2mshould support initialization of all 
systems
[22m[39mUnknown unit type: undefined

 [32mΓ£ô[39m test/play.test.js [2m([22m[2m39 tests[22m[2m)[22m[32m 35[2mms[22m[39m
 [32mΓ£ô[39m test/stage.test.js [2m([22m[2m66 tests[22m[2m)[22m[32m 115[2mms[22m[39m
[90mstderr[2m | test/code-quality.test.js[2m > [22m[2mglobals declared in source 
should be in eslint config
[22m[39mΓÜá∩╕Å  Found potential undeclared globals (first 10):
backstage.js:12 - Global "clamp" may not be declared in eslint.config.mjs
backstage.js:21 - Global "modClamp" may not be declared in eslint.config.mjs
backstage.js:42 - Global "lowModClamp" may not be declared in eslint.config.mjs
backstage.js:56 - Global "highModClamp" may not be declared in eslint.config.mjs
backstage.js:73 - Global "scaleClamp" may not be declared in eslint.config.mjs
backstage.js:91 - Global "scaleBoundClamp" may not be declared in eslint.config.mjs
backstage.js:107 - Global "softClamp" may not be declared in eslint.config.mjs
backstage.js:121 - Global "stepClamp" may not be declared in eslint.config.mjs
backstage.js:134 - Global "logClamp" may not be declared in eslint.config.mjs
backstage.js:149 - Global "expClamp" may not be declared in eslint.config.mjs

 [32mΓ£ô[39m test/code-quality.test.js [2m([22m[2m10 tests[22m[2m)[22m[32m 53[2mms[22m[39m
[90mstdout[2m | test/writer.test.js[2m > [22m[2mgrandFinale[2m > [22m[2mshould write output files for each layer
[22m[39moutput/output1.csv created (primary layer).
output/output2.csv created (poly layer).

[90mstdout[2m | test/writer.test.js[2m > [22m[2mgrandFinale[2m > [22m[2mshould include header and track markers in CSV
[22m[39moutput/output1.csv created (primary layer).

[90mstdout[2m | test/writer.test.js[2m > [22m[2mgrandFinale[2m > [22m[2mshould filter out null entries
[22m[39moutput/output1.csv created (primary layer).

[90mstdout[2m | test/writer.test.js[2m > [22m[2mgrandFinale[2m > [22m[2mshould sort events by tick
[22m[39moutput/output1.csv created (primary layer).

[90mstdout[2m | test/writer.test.js[2m > [22m[2mgrandFinale[2m > [22m[2mshould handle custom layer names
[22m[39moutput/outputCustom.csv created (custom layer).

 [32mΓ£ô[39m test/writer.test.js [2m([22m[2m22 tests[22m[2m)[22m[32m 36[2mms[22m[39m
[90mstderr[2m | test/venue.test.js[2m > [22m[2mgetMidiValue[2m > 
[22m[2mshould return 0 fallback for invalid category
[22m[39mInvalid MIDI category: invalid

[90mstderr[2m | test/venue.test.js[2m > [22m[2mgetMidiValue[2m > 
[22m[2mshould return 0 fallback for non-existent instrument
[22m[39mMIDI program 'nonexistent instrument' not found, using fallback value 0

[90mstderr[2m | test/venue.test.js[2m > [22m[2mgetMidiValue[2m > 
[22m[2mshould return 0 fallback for out of range control number
[22m[39mMIDI control 'nonexistent control' not found, using fallback value 0

[90mstderr[2m | test/venue.test.js[2m > [22m[2mEdge cases[2m > 
[22m[2mgetMidiValue should return 0 fallback for empty string
[22m[39mMIDI program '' not found, using fallback value 0

 [32mΓ£ô[39m test/venue.test.js [2m([22m[2m47 tests[22m[2m)[22m[32m 123[2mms[22m[39m
[31mCancelling test run. Press CTRL+c again to exit forcefully.
[39m
